2025-07-16 22:06:47,232 - TharuniApp - INFO - ============================================================
2025-07-16 22:06:47,232 - TharuniApp - INFO - APPLICATION STARTUP
2025-07-16 22:06:47,233 - TharuniApp - INFO - ============================================================
2025-07-16 22:06:47,299 - TharuniApp - INFO - Configuration setup completed
2025-07-16 22:06:47,303 - DataManager - INFO - DataManager initialized with OFFLINE-FIRST approach + JSON local storage
2025-07-16 22:06:47,316 - DataManager - INFO - CSV structure is up to date
2025-07-16 22:06:47,318 - DataManager - INFO - Unified folder structure ready:
2025-07-16 22:06:47,319 - DataManager - INFO -   Reports: data\reports\2025-07-16
2025-07-16 22:06:47,319 - DataManager - INFO -   JSON Backups: data\json_backups\2025-07-16
2025-07-16 22:06:47,320 - DataManager - INFO -   PDF Folder: data\reports\2025-07-16
2025-07-16 22:06:47,320 - DataManager - INFO - All folder attributes ensured and validated
2025-07-16 22:06:47,335 - DataManager - INFO - 🔍 Checking if archive is due...
2025-07-16 22:06:47,336 - DataManager - INFO - CSV analysis: 0 total records, 0 complete records
2025-07-16 22:06:47,336 - DataManager - INFO - CSV file has no complete records to archive
2025-07-16 22:06:47,337 - DataManager - INFO - ⏳ Archive not due yet
2025-07-16 22:06:47,337 - DataManager - INFO - Data file: data\weighbridge_data.csv
2025-07-16 22:06:47,337 - DataManager - INFO - Reports folder: data\reports
2025-07-16 22:06:47,337 - DataManager - INFO - JSON backup folder: data\json_backups
2025-07-16 22:06:47,338 - DataManager - INFO - Today's JSON folder: data\json_backups\2025-07-16
2025-07-16 22:06:47,338 - DataManager - INFO - Today's PDF folder: data\reports\2025-07-16
2025-07-16 22:06:47,338 - DataManager - INFO - Cloud storage will only be initialized when backup is requested
2025-07-16 22:06:47,339 - TharuniApp - INFO - Data manager initialized
2025-07-16 22:06:47,369 - TharuniApp - INFO - Using hardcoded settings storage
2025-07-16 22:06:47,371 - TharuniApp - INFO - UI styles initialized
2025-07-16 22:06:47,371 - TharuniApp - INFO - Starting user authentication
2025-07-16 22:06:52,775 - TharuniApp - INFO - Hardcoded authentication successful: admin
2025-07-16 22:06:52,775 - TharuniApp - INFO - User logged in: admin (Role: admin)
2025-07-16 22:06:52,775 - TharuniApp - INFO - Setting up data context
2025-07-16 22:06:52,776 - TharuniApp - INFO - Using hardcoded agency and site values
2025-07-16 22:06:52,791 - DataManager - INFO - CSV structure is up to date
2025-07-16 22:06:52,792 - DataManager - INFO - Data context set to: Agency='Tharuni Associates', Site='Chilakaluripeta'
2025-07-16 22:06:52,792 - DataManager - INFO - Data file: data\Tharuni_Associates_Chilakaluripeta_data.csv
2025-07-16 22:06:52,792 - TharuniApp - INFO - Data context initialized: Agency='Tharuni Associates', Site='Chilakaluripeta'
2025-07-16 22:06:52,793 - TharuniApp - INFO - Data will be saved to: data\Tharuni_Associates_Chilakaluripeta_data.csv
2025-07-16 22:06:52,793 - TharuniApp - INFO - PDFs will be saved to: data\reports\2025-07-16
2025-07-16 22:06:52,794 - TharuniApp - INFO - Creating application widgets
2025-07-16 22:06:52,809 - TharuniApp - INFO - Creating main panel
2025-07-16 22:06:52,818 - FormValidator - INFO - FormValidator initialized
2025-07-16 22:06:52,828 - DataManager - INFO - Successfully loaded 96 records from data\Tharuni_Associates_Chilakaluripeta_data.csv
2025-07-16 22:06:52,925 - camera_camera - INFO - Enhanced logging initialized for Camera camera
2025-07-16 22:06:52,979 - camera_camera - DEBUG - Resource monitoring started
2025-07-16 22:06:52,993 - camera_camera - DEBUG - Optimized video thread started
2025-07-16 22:06:52,993 - camera_camera - INFO - Optimized video capture loop started
2025-07-16 22:06:52,994 - camera_camera - DEBUG - Initializing USB camera
2025-07-16 22:06:52,995 - camera_camera - DEBUG - Camera watchdog started
2025-07-16 22:06:53,000 - camera_camera - DEBUG - Camera watchdog enabled
2025-07-16 22:06:53,002 - camera_camera - INFO - Enhanced logging initialized for Camera camera
2025-07-16 22:06:53,008 - camera_camera - DEBUG - Resource monitoring started
2025-07-16 22:06:53,010 - camera_camera - DEBUG - Optimized video thread started
2025-07-16 22:06:53,010 - camera_camera - INFO - Optimized video capture loop started
2025-07-16 22:06:53,011 - camera_camera - DEBUG - Initializing USB camera
2025-07-16 22:06:53,011 - camera_camera - DEBUG - Camera watchdog started
2025-07-16 22:06:53,012 - camera_camera - DEBUG - Camera watchdog enabled
2025-07-16 22:06:53,213 - DataManager - INFO - Successfully loaded 96 records from data\Tharuni_Associates_Chilakaluripeta_data.csv
2025-07-16 22:06:53,214 - MainForm - INFO - MainForm initialized
2025-07-16 22:06:53,214 - TharuniApp - INFO - Main form created
2025-07-16 22:06:53,215 - MainForm - INFO - Using hardcoded dropdown values
2025-07-16 22:06:53,215 - PendingVehiclesPanel - INFO - PendingVehiclesPanel initialized
2025-07-16 22:06:53,224 - PendingVehiclesPanel - INFO - Refreshing pending vehicles list
2025-07-16 22:06:53,226 - DataManager - INFO - Successfully loaded 96 records from data\Tharuni_Associates_Chilakaluripeta_data.csv
2025-07-16 22:06:53,227 - PendingVehiclesPanel - INFO - Retrieved 96 total records
2025-07-16 22:06:53,313 - PendingVehiclesPanel - INFO - Found 0 unique pending vehicles, prevented 0 duplicates
2025-07-16 22:06:53,314 - PendingVehiclesPanel - INFO - Successfully refreshed pending list with 0 unique vehicles
2025-07-16 22:06:53,314 - TharuniApp - INFO - Pending vehicles panel created
2025-07-16 22:06:53,524 - TharuniApp - INFO - Main panel creation completed
2025-07-16 22:06:53,532 - TharuniApp - INFO - Summary panel created
2025-07-16 22:06:53,537 - weighbridge - INFO - Enhanced logging initialized for WeighbridgeManager
2025-07-16 22:06:53,538 - weighbridge - INFO - Initializing WeighbridgeManager
2025-07-16 22:06:53,540 - weighbridge - DEBUG - Weight parsing patterns compiled successfully
2025-07-16 22:06:53,541 - weighbridge - DEBUG - Signal handlers registered
2025-07-16 22:06:53,541 - weighbridge - INFO - SUCCESS: WeighbridgeManager initialized successfully
2025-07-16 22:06:53,547 - weighbridge - DEBUG - Scanning for available COM ports
2025-07-16 22:06:53,556 - weighbridge - WARNING - No COM ports found
2025-07-16 22:06:53,780 - weighbridge - WARNING - Test mode ENABLED - weighbridge will simulate readings
2025-07-16 22:06:53,785 - TharuniApp - INFO - ✅ Data manager reference set in settings panel
2025-07-16 22:06:53,786 - TharuniApp - INFO - Widget creation completed successfully
2025-07-16 22:06:53,787 - PendingVehiclesPanel - INFO - Refreshing pending vehicles list
2025-07-16 22:06:53,790 - DataManager - INFO - Successfully loaded 96 records from data\Tharuni_Associates_Chilakaluripeta_data.csv
2025-07-16 22:06:53,791 - PendingVehiclesPanel - INFO - Retrieved 96 total records
2025-07-16 22:06:53,859 - PendingVehiclesPanel - INFO - Found 0 unique pending vehicles, prevented 0 duplicates
2025-07-16 22:06:53,859 - PendingVehiclesPanel - INFO - Successfully refreshed pending list with 0 unique vehicles
2025-07-16 22:06:53,864 - TharuniApp - INFO - Application initialization completed successfully
2025-07-16 22:06:54,792 - TharuniApp - INFO - Ensuring settings persistence...
2025-07-16 22:06:54,795 - TharuniApp - INFO - Found saved weighbridge settings: {'com_port': 'COM3', 'baud_rate': 9600, 'data_bits': 8, 'parity': 'None', 'stop_bits': 1.0, 'test_mode': True}
2025-07-16 22:06:54,796 - TharuniApp - INFO - Settings persistence check completed
2025-07-16 22:06:55,274 - camera_camera - DEBUG - Initializing USB camera
2025-07-16 22:06:56,795 - weighbridge - DEBUG - Scanning for available COM ports
2025-07-16 22:06:56,802 - weighbridge - WARNING - No COM ports found
2025-07-16 22:06:57,326 - camera_camera - DEBUG - Initializing USB camera
2025-07-16 22:06:59,353 - camera_camera - DEBUG - Initializing USB camera
2025-07-16 22:06:59,750 - DataManager - INFO - Successfully loaded 96 records from data\Tharuni_Associates_Chilakaluripeta_data.csv
2025-07-16 22:06:59,751 - DataManager - INFO - Returning all 96 records (no filter)
2025-07-16 22:07:01,419 - camera_camera - DEBUG - Initializing USB camera
2025-07-16 22:07:03,471 - camera_camera - DEBUG - Initializing USB camera
2025-07-16 22:07:06,541 - camera_camera - INFO - SUCCESS: Camera connection stabilized
2025-07-16 22:07:09,590 - DataManager - INFO - Successfully loaded 96 records from data\Tharuni_Associates_Chilakaluripeta_data.csv
2025-07-16 22:07:10,538 - camera_camera - DEBUG - Initializing USB camera
2025-07-16 22:07:12,585 - camera_camera - DEBUG - Initializing USB camera
2025-07-16 22:07:14,674 - camera_camera - DEBUG - Initializing USB camera
2025-07-16 22:07:16,723 - camera_camera - DEBUG - Initializing USB camera
2025-07-16 22:07:18,767 - camera_camera - DEBUG - Initializing USB camera
2025-07-16 22:07:20,833 - camera_camera - DEBUG - Initializing USB camera
2025-07-16 22:07:27,874 - camera_camera - DEBUG - Initializing USB camera
2025-07-16 22:07:29,922 - camera_camera - DEBUG - Initializing USB camera
2025-07-16 22:07:30,205 - camera_camera - DEBUG - Resource usage - CPU: 48.9%, Memory: 83.3%
2025-07-16 22:07:31,969 - camera_camera - DEBUG - Initializing USB camera
2025-07-16 22:07:34,006 - camera_camera - DEBUG - Initializing USB camera
2025-07-16 22:07:36,060 - camera_camera - DEBUG - Initializing USB camera
2025-07-16 22:07:38,079 - camera_camera - DEBUG - Initializing USB camera
2025-07-16 22:07:44,320 - camera_camera - WARNING - High memory usage (85.2%), triggering garbage collection
2025-07-16 22:07:45,106 - camera_camera - DEBUG - Initializing USB camera
2025-07-16 22:07:47,131 - camera_camera - DEBUG - Initializing USB camera
2025-07-16 22:07:47,354 - camera_camera - WARNING - High memory usage (85.2%), triggering garbage collection
2025-07-16 22:07:48,416 - camera_camera - WARNING - High memory usage (85.1%), triggering garbage collection
2025-07-16 22:07:49,155 - camera_camera - DEBUG - Initializing USB camera
2025-07-16 22:07:49,404 - camera_camera - WARNING - High memory usage (85.4%), triggering garbage collection
2025-07-16 22:07:50,458 - camera_camera - WARNING - High memory usage (85.2%), triggering garbage collection
2025-07-16 22:07:51,205 - camera_camera - DEBUG - Initializing USB camera
2025-07-16 22:07:51,468 - camera_camera - WARNING - High memory usage (85.3%), triggering garbage collection
2025-07-16 22:07:52,527 - camera_camera - WARNING - High memory usage (85.2%), triggering garbage collection
2025-07-16 22:07:53,123 - camera_camera - DEBUG - Performed garbage collection
2025-07-16 22:07:53,234 - camera_camera - DEBUG - Initializing USB camera
2025-07-16 22:07:53,545 - camera_camera - WARNING - High memory usage (85.2%), triggering garbage collection
2025-07-16 22:07:53,864 - PendingVehiclesPanel - INFO - Refreshing pending vehicles list
2025-07-16 22:07:53,869 - DataManager - INFO - Successfully loaded 96 records from data\Tharuni_Associates_Chilakaluripeta_data.csv
2025-07-16 22:07:53,870 - PendingVehiclesPanel - INFO - Retrieved 96 total records
2025-07-16 22:07:53,935 - PendingVehiclesPanel - INFO - Found 0 unique pending vehicles, prevented 0 duplicates
2025-07-16 22:07:53,936 - PendingVehiclesPanel - INFO - Successfully refreshed pending list with 0 unique vehicles
2025-07-16 22:07:54,592 - camera_camera - WARNING - High memory usage (85.2%), triggering garbage collection
2025-07-16 22:07:55,265 - camera_camera - DEBUG - Initializing USB camera
2025-07-16 22:07:55,602 - camera_camera - WARNING - High memory usage (85.2%), triggering garbage collection
2025-07-16 22:07:56,670 - camera_camera - WARNING - High memory usage (85.2%), triggering garbage collection
2025-07-16 22:07:57,671 - camera_camera - WARNING - High memory usage (85.1%), triggering garbage collection
2025-07-16 22:08:00,761 - camera_camera - DEBUG - Resource usage - CPU: 10.4%, Memory: 84.8%
2025-07-16 22:08:02,324 - camera_camera - DEBUG - Initializing USB camera
2025-07-16 22:08:04,375 - camera_camera - DEBUG - Initializing USB camera
2025-07-16 22:08:06,412 - camera_camera - DEBUG - Initializing USB camera
2025-07-16 22:08:08,467 - camera_camera - DEBUG - Initializing USB camera
2025-07-16 22:08:08,810 - camera_camera - WARNING - High memory usage (85.2%), triggering garbage collection
2025-07-16 22:08:09,748 - camera_camera - WARNING - High memory usage (85.5%), triggering garbage collection
2025-07-16 22:08:10,502 - camera_camera - DEBUG - Initializing USB camera
2025-07-16 22:08:10,870 - camera_camera - WARNING - High memory usage (85.5%), triggering garbage collection
2025-07-16 22:08:11,822 - camera_camera - WARNING - High memory usage (85.5%), triggering garbage collection
2025-07-16 22:08:12,544 - camera_camera - DEBUG - Initializing USB camera
2025-07-16 22:08:12,932 - camera_camera - WARNING - High memory usage (85.5%), triggering garbage collection
2025-07-16 22:08:13,896 - camera_camera - WARNING - High memory usage (85.4%), triggering garbage collection
2025-07-16 22:08:15,015 - camera_camera - WARNING - High memory usage (85.3%), triggering garbage collection
2025-07-16 22:08:15,964 - camera_camera - WARNING - High memory usage (85.1%), triggering garbage collection
2025-07-16 22:08:19,613 - camera_camera - DEBUG - Initializing USB camera
2025-07-16 22:08:21,644 - camera_camera - DEBUG - Initializing USB camera
2025-07-16 22:08:23,683 - camera_camera - DEBUG - Initializing USB camera
2025-07-16 22:08:25,730 - camera_camera - DEBUG - Initializing USB camera
2025-07-16 22:08:27,775 - camera_camera - DEBUG - Initializing USB camera
2025-07-16 22:08:29,815 - camera_camera - DEBUG - Initializing USB camera
2025-07-16 22:08:30,075 - camera_camera - DEBUG - Resource usage - CPU: 8.7%, Memory: 83.7%
2025-07-16 22:08:36,871 - camera_camera - DEBUG - Initializing USB camera
2025-07-16 22:08:38,919 - camera_camera - DEBUG - Initializing USB camera
2025-07-16 22:08:40,956 - camera_camera - DEBUG - Initializing USB camera
2025-07-16 22:08:43,005 - camera_camera - DEBUG - Initializing USB camera
2025-07-16 22:08:45,049 - camera_camera - DEBUG - Initializing USB camera
2025-07-16 22:08:47,081 - camera_camera - DEBUG - Initializing USB camera
2025-07-16 22:08:53,213 - camera_camera - DEBUG - Performed garbage collection
2025-07-16 22:08:53,936 - PendingVehiclesPanel - INFO - Refreshing pending vehicles list
2025-07-16 22:08:53,938 - DataManager - INFO - Successfully loaded 96 records from data\Tharuni_Associates_Chilakaluripeta_data.csv
2025-07-16 22:08:53,939 - PendingVehiclesPanel - INFO - Retrieved 96 total records
2025-07-16 22:08:53,992 - PendingVehiclesPanel - INFO - Found 0 unique pending vehicles, prevented 0 duplicates
2025-07-16 22:08:53,993 - PendingVehiclesPanel - INFO - Successfully refreshed pending list with 0 unique vehicles
2025-07-16 22:08:54,106 - camera_camera - DEBUG - Initializing USB camera
2025-07-16 22:08:56,135 - camera_camera - DEBUG - Initializing USB camera
2025-07-16 22:08:58,180 - camera_camera - DEBUG - Initializing USB camera
2025-07-16 22:09:00,214 - camera_camera - DEBUG - Initializing USB camera
2025-07-16 22:09:00,344 - camera_camera - DEBUG - Resource usage - CPU: 11.1%, Memory: 79.4%
2025-07-16 22:09:02,238 - camera_camera - DEBUG - Initializing USB camera
2025-07-16 22:09:04,267 - camera_camera - DEBUG - Initializing USB camera
2025-07-16 22:09:11,311 - camera_camera - DEBUG - Initializing USB camera
2025-07-16 22:09:13,351 - camera_camera - DEBUG - Initializing USB camera
2025-07-16 22:09:15,399 - camera_camera - DEBUG - Initializing USB camera
2025-07-16 22:09:17,435 - camera_camera - DEBUG - Initializing USB camera
2025-07-16 22:09:19,460 - camera_camera - DEBUG - Initializing USB camera
2025-07-16 22:09:21,515 - camera_camera - DEBUG - Initializing USB camera
2025-07-16 22:09:28,588 - camera_camera - DEBUG - Initializing USB camera
2025-07-16 22:09:30,599 - camera_camera - DEBUG - Resource usage - CPU: 13.3%, Memory: 79.6%
2025-07-16 22:09:30,622 - camera_camera - DEBUG - Initializing USB camera
2025-07-16 22:09:32,639 - camera_camera - DEBUG - Initializing USB camera
2025-07-16 22:09:34,676 - camera_camera - DEBUG - Initializing USB camera
2025-07-16 22:09:36,699 - camera_camera - DEBUG - Initializing USB camera
2025-07-16 22:09:38,741 - camera_camera - DEBUG - Initializing USB camera
2025-07-16 22:09:45,782 - camera_camera - DEBUG - Initializing USB camera
2025-07-16 22:09:47,816 - camera_camera - DEBUG - Initializing USB camera
2025-07-16 22:09:49,869 - camera_camera - DEBUG - Initializing USB camera
2025-07-16 22:09:51,923 - camera_camera - DEBUG - Initializing USB camera
2025-07-16 22:09:53,246 - camera_camera - DEBUG - Performed garbage collection
2025-07-16 22:09:53,978 - camera_camera - DEBUG - Initializing USB camera
2025-07-16 22:09:54,000 - PendingVehiclesPanel - INFO - Refreshing pending vehicles list
2025-07-16 22:09:54,004 - DataManager - INFO - Successfully loaded 96 records from data\Tharuni_Associates_Chilakaluripeta_data.csv
2025-07-16 22:09:54,004 - PendingVehiclesPanel - INFO - Retrieved 96 total records
2025-07-16 22:09:54,054 - PendingVehiclesPanel - INFO - Found 0 unique pending vehicles, prevented 0 duplicates
2025-07-16 22:09:54,055 - PendingVehiclesPanel - INFO - Successfully refreshed pending list with 0 unique vehicles
2025-07-16 22:09:56,035 - camera_camera - DEBUG - Initializing USB camera
2025-07-16 22:10:00,793 - camera_camera - DEBUG - Resource usage - CPU: 10.4%, Memory: 80.0%
2025-07-16 22:10:03,069 - camera_camera - DEBUG - Initializing USB camera
2025-07-16 22:10:05,101 - camera_camera - DEBUG - Initializing USB camera
2025-07-16 22:10:07,153 - camera_camera - DEBUG - Initializing USB camera
2025-07-16 22:10:09,195 - camera_camera - DEBUG - Initializing USB camera
2025-07-16 22:10:11,218 - camera_camera - DEBUG - Initializing USB camera
2025-07-16 22:10:13,249 - camera_camera - DEBUG - Initializing USB camera
2025-07-16 22:10:20,299 - camera_camera - DEBUG - Initializing USB camera
2025-07-16 22:10:22,337 - camera_camera - DEBUG - Initializing USB camera
2025-07-16 22:10:23,999 - camera_camera - WARNING - High memory usage (86.9%), triggering garbage collection
2025-07-16 22:10:24,365 - camera_camera - DEBUG - Initializing USB camera
2025-07-16 22:10:24,957 - camera_camera - WARNING - High memory usage (88.2%), triggering garbage collection
2025-07-16 22:10:26,059 - camera_camera - WARNING - High memory usage (86.7%), triggering garbage collection
2025-07-16 22:10:26,400 - camera_camera - DEBUG - Initializing USB camera
2025-07-16 22:10:27,004 - camera_camera - WARNING - High memory usage (85.7%), triggering garbage collection
2025-07-16 22:10:28,423 - camera_camera - DEBUG - Initializing USB camera
2025-07-16 22:10:30,125 - camera_camera - DEBUG - Resource usage - CPU: 20.5%, Memory: 77.2%
2025-07-16 22:10:30,462 - camera_camera - DEBUG - Initializing USB camera
2025-07-16 22:10:37,493 - camera_camera - DEBUG - Initializing USB camera
2025-07-16 22:10:39,554 - camera_camera - DEBUG - Initializing USB camera
2025-07-16 22:10:41,616 - camera_camera - DEBUG - Initializing USB camera
2025-07-16 22:10:43,663 - camera_camera - DEBUG - Initializing USB camera
2025-07-16 22:10:45,711 - camera_camera - DEBUG - Initializing USB camera
2025-07-16 22:10:47,746 - camera_camera - DEBUG - Initializing USB camera
2025-07-16 22:10:53,342 - camera_camera - DEBUG - Performed garbage collection
2025-07-16 22:10:54,068 - PendingVehiclesPanel - INFO - Refreshing pending vehicles list
2025-07-16 22:10:54,087 - DataManager - INFO - Successfully loaded 96 records from data\Tharuni_Associates_Chilakaluripeta_data.csv
2025-07-16 22:10:54,094 - PendingVehiclesPanel - INFO - Retrieved 96 total records
2025-07-16 22:10:54,341 - PendingVehiclesPanel - INFO - Found 0 unique pending vehicles, prevented 0 duplicates
2025-07-16 22:10:54,342 - PendingVehiclesPanel - INFO - Successfully refreshed pending list with 0 unique vehicles
2025-07-16 22:10:54,787 - camera_camera - DEBUG - Initializing USB camera
2025-07-16 22:10:56,867 - camera_camera - DEBUG - Initializing USB camera
2025-07-16 22:10:57,377 - TharuniApp - INFO - User logging out...
2025-07-16 22:10:57,379 - camera_camera - INFO - Stopping camera feed
2025-07-16 22:10:58,902 - camera_camera - DEBUG - Initializing USB camera
2025-07-16 22:11:00,722 - camera_camera - INFO - Stopping camera feed
2025-07-16 22:11:00,723 - camera_camera - INFO - Optimized video capture loop ending
2025-07-16 22:11:00,739 - TharuniApp - INFO - Updating camera settings: {'front_camera_type': 'USB', 'front_camera_index': 0, 'front_rtsp_username': '', 'front_rtsp_password': '', 'front_rtsp_ip': '', 'front_rtsp_port': '554', 'front_rtsp_endpoint': '/stream1', 'front_http_username': '', 'front_http_password': '', 'front_http_ip': '', 'front_http_port': '80', 'front_http_endpoint': '/mjpeg', 'back_camera_type': 'USB', 'back_camera_index': 1, 'back_rtsp_username': '', 'back_rtsp_password': '', 'back_rtsp_ip': '', 'back_rtsp_port': '554', 'back_rtsp_endpoint': '/stream1', 'back_http_username': '', 'back_http_password': '', 'back_http_ip': '', 'back_http_port': '80', 'back_http_endpoint': '/mjpeg'}
2025-07-16 22:11:00,740 - camera_camera - INFO - Stopping camera feed
2025-07-16 22:11:03,754 - camera_camera - INFO - Stopping camera feed
2025-07-16 22:11:03,758 - TharuniApp - INFO - Camera settings saved for persistence
2025-07-16 22:11:03,759 - weighbridge - INFO - Initiating weighbridge disconnection
2025-07-16 22:11:03,760 - weighbridge - INFO - SUCCESS: Weighbridge disconnected successfully
2025-07-16 22:11:03,760 - TharuniApp - INFO - Logout completed - closing application
2025-07-16 22:11:03,781 - TharuniApp - INFO - Application closing - saving settings...
2025-07-16 22:11:03,788 - TharuniApp - INFO - Updating camera settings: {'front_camera_type': 'USB', 'front_camera_index': 0, 'front_rtsp_username': '', 'front_rtsp_password': '', 'front_rtsp_ip': '', 'front_rtsp_port': '554', 'front_rtsp_endpoint': '/stream1', 'front_http_username': '', 'front_http_password': '', 'front_http_ip': '', 'front_http_port': '80', 'front_http_endpoint': '/mjpeg', 'back_camera_type': 'USB', 'back_camera_index': 1, 'back_rtsp_username': '', 'back_rtsp_password': '', 'back_rtsp_ip': '', 'back_rtsp_port': '554', 'back_rtsp_endpoint': '/stream1', 'back_http_username': '', 'back_http_password': '', 'back_http_ip': '', 'back_http_port': '80', 'back_http_endpoint': '/mjpeg'}
2025-07-16 22:11:03,789 - camera_camera - INFO - Stopping camera feed
2025-07-16 22:11:06,799 - camera_camera - INFO - Stopping camera feed
2025-07-16 22:11:06,804 - TharuniApp - INFO - Camera settings saved for persistence
2025-07-16 22:11:06,804 - weighbridge - INFO - Initiating weighbridge disconnection
2025-07-16 22:11:06,805 - weighbridge - INFO - SUCCESS: Weighbridge disconnected successfully
2025-07-16 22:11:06,806 - camera_camera - INFO - Stopping camera feed
2025-07-16 22:11:09,808 - camera_camera - INFO - Stopping camera feed
2025-07-16 22:11:09,809 - TharuniApp - INFO - ============================================================
2025-07-16 22:11:09,809 - TharuniApp - INFO - APPLICATION SHUTDOWN COMPLETED
2025-07-16 22:11:09,809 - TharuniApp - INFO - ============================================================
2025-07-16 22:11:09,810 - TharuniApp - ERROR - Error during shutdown: can't invoke "destroy" command: application has been destroyed
