2025-07-12 20:49:59,356 - TharuniApp - INFO - ============================================================
2025-07-12 20:49:59,356 - TharuniApp - INFO - APPLICATION STARTUP
2025-07-12 20:49:59,357 - TharuniApp - INFO - ============================================================
2025-07-12 20:49:59,395 - TharuniApp - INFO - Configuration setup completed
2025-07-12 20:49:59,397 - DataManager - INFO - DataManager initialized with OFFLINE-FIRST approach + JSON local storage
2025-07-12 20:49:59,410 - DataManager - INFO - CSV structure is up to date
2025-07-12 20:49:59,413 - DataManager - INFO - Unified folder structure ready:
2025-07-12 20:49:59,414 - DataManager - INFO -   Reports: data\reports\2025-07-12
2025-07-12 20:49:59,414 - DataManager - INFO -   JSON Backups: data\json_backups\2025-07-12
2025-07-12 20:49:59,415 - DataManager - INFO -   PDF Folder: data\reports\2025-07-12
2025-07-12 20:49:59,417 - DataManager - INFO - All folder attributes ensured and validated
2025-07-12 20:49:59,434 - DataManager - INFO - 🔍 Checking if archive is due...
2025-07-12 20:49:59,436 - DataManager - INFO - CSV analysis: 0 total records, 0 complete records
2025-07-12 20:49:59,437 - DataManager - INFO - CSV file has no complete records to archive
2025-07-12 20:49:59,437 - DataManager - INFO - ⏳ Archive not due yet
2025-07-12 20:49:59,438 - DataManager - INFO - Data file: data\weighbridge_data.csv
2025-07-12 20:49:59,439 - DataManager - INFO - Reports folder: data\reports
2025-07-12 20:49:59,439 - DataManager - INFO - JSON backup folder: data\json_backups
2025-07-12 20:49:59,440 - DataManager - INFO - Today's JSON folder: data\json_backups\2025-07-12
2025-07-12 20:49:59,440 - DataManager - INFO - Today's PDF folder: data\reports\2025-07-12
2025-07-12 20:49:59,441 - DataManager - INFO - Cloud storage will only be initialized when backup is requested
2025-07-12 20:49:59,441 - TharuniApp - INFO - Data manager initialized
2025-07-12 20:49:59,497 - TharuniApp - INFO - Using hardcoded settings storage
2025-07-12 20:49:59,499 - TharuniApp - INFO - UI styles initialized
2025-07-12 20:49:59,501 - TharuniApp - INFO - Starting user authentication
2025-07-12 20:50:42,756 - TharuniApp - INFO - Hardcoded authentication successful: admin
2025-07-12 20:50:42,757 - TharuniApp - INFO - User logged in: admin (Role: admin)
2025-07-12 20:50:42,757 - TharuniApp - INFO - Setting up data context
2025-07-12 20:50:42,758 - TharuniApp - INFO - Using hardcoded agency and site values
2025-07-12 20:50:42,780 - DataManager - INFO - CSV structure is up to date
2025-07-12 20:50:42,780 - DataManager - INFO - Data context set to: Agency='Tharuni Associates', Site='Narasaraopeta'
2025-07-12 20:50:42,781 - DataManager - INFO - Data file: data\Tharuni_Associates_Narasaraopeta_data.csv
2025-07-12 20:50:42,782 - TharuniApp - INFO - Data context initialized: Agency='Tharuni Associates', Site='Narasaraopeta'
2025-07-12 20:50:42,783 - TharuniApp - INFO - Data will be saved to: data\Tharuni_Associates_Narasaraopeta_data.csv
2025-07-12 20:50:42,783 - TharuniApp - INFO - PDFs will be saved to: data\reports\2025-07-12
2025-07-12 20:50:42,784 - TharuniApp - INFO - Creating application widgets
2025-07-12 20:50:42,827 - TharuniApp - INFO - Creating main panel
2025-07-12 20:50:42,848 - FormValidator - INFO - FormValidator initialized
2025-07-12 20:50:42,871 - DataManager - INFO - Successfully loaded 0 records from data\Tharuni_Associates_Narasaraopeta_data.csv
2025-07-12 20:50:43,179 - camera_camera - INFO - Enhanced logging initialized for Camera camera
2025-07-12 20:50:43,367 - camera_camera - DEBUG - Resource monitoring started
2025-07-12 20:50:43,412 - camera_camera - DEBUG - Optimized video thread started
2025-07-12 20:50:43,411 - camera_camera - INFO - Optimized video capture loop started
2025-07-12 20:50:43,415 - camera_camera - DEBUG - Initializing USB camera
2025-07-12 20:50:43,416 - camera_camera - DEBUG - Camera watchdog started
2025-07-12 20:50:43,420 - camera_camera - DEBUG - Camera watchdog enabled
2025-07-12 20:50:43,424 - camera_camera - INFO - Enhanced logging initialized for Camera camera
2025-07-12 20:50:43,446 - camera_camera - DEBUG - Resource monitoring started
2025-07-12 20:50:43,451 - camera_camera - DEBUG - Optimized video thread started
2025-07-12 20:50:43,450 - camera_camera - INFO - Optimized video capture loop started
2025-07-12 20:50:43,454 - camera_camera - DEBUG - Initializing USB camera
2025-07-12 20:50:43,456 - camera_camera - DEBUG - Camera watchdog started
2025-07-12 20:50:43,457 - camera_camera - DEBUG - Camera watchdog enabled
2025-07-12 20:50:43,972 - DataManager - INFO - Successfully loaded 0 records from data\Tharuni_Associates_Narasaraopeta_data.csv
2025-07-12 20:50:43,973 - MainForm - INFO - MainForm initialized
2025-07-12 20:50:43,975 - TharuniApp - INFO - Main form created
2025-07-12 20:50:43,975 - MainForm - INFO - Using hardcoded dropdown values
2025-07-12 20:50:43,976 - PendingVehiclesPanel - INFO - PendingVehiclesPanel initialized
2025-07-12 20:50:43,988 - PendingVehiclesPanel - INFO - Refreshing pending vehicles list
2025-07-12 20:50:43,990 - DataManager - INFO - Successfully loaded 0 records from data\Tharuni_Associates_Narasaraopeta_data.csv
2025-07-12 20:50:43,991 - PendingVehiclesPanel - INFO - Retrieved 0 total records
2025-07-12 20:50:43,992 - PendingVehiclesPanel - INFO - Found 0 unique pending vehicles, prevented 0 duplicates
2025-07-12 20:50:43,993 - PendingVehiclesPanel - INFO - Successfully refreshed pending list with 0 unique vehicles
2025-07-12 20:50:43,994 - TharuniApp - INFO - Pending vehicles panel created
2025-07-12 20:50:44,282 - TharuniApp - INFO - Main panel creation completed
2025-07-12 20:50:44,297 - TharuniApp - INFO - Summary panel created
2025-07-12 20:50:44,310 - weighbridge - INFO - Enhanced logging initialized for WeighbridgeManager
2025-07-12 20:50:44,313 - weighbridge - INFO - Initializing WeighbridgeManager
2025-07-12 20:50:44,319 - weighbridge - DEBUG - Weight parsing patterns compiled successfully
2025-07-12 20:50:44,321 - weighbridge - DEBUG - Signal handlers registered
2025-07-12 20:50:44,324 - weighbridge - INFO - SUCCESS: WeighbridgeManager initialized successfully
2025-07-12 20:50:44,348 - weighbridge - DEBUG - Scanning for available COM ports
2025-07-12 20:50:44,384 - weighbridge - WARNING - No COM ports found
2025-07-12 20:50:45,363 - weighbridge - WARNING - Test mode ENABLED - weighbridge will simulate readings
2025-07-12 20:50:45,382 - TharuniApp - INFO - ✅ Data manager reference set in settings panel
2025-07-12 20:50:45,383 - TharuniApp - INFO - Widget creation completed successfully
2025-07-12 20:50:45,388 - PendingVehiclesPanel - INFO - Refreshing pending vehicles list
2025-07-12 20:50:45,390 - DataManager - INFO - Successfully loaded 0 records from data\Tharuni_Associates_Narasaraopeta_data.csv
2025-07-12 20:50:45,393 - PendingVehiclesPanel - INFO - Retrieved 0 total records
2025-07-12 20:50:45,403 - PendingVehiclesPanel - INFO - Found 0 unique pending vehicles, prevented 0 duplicates
2025-07-12 20:50:45,405 - PendingVehiclesPanel - INFO - Successfully refreshed pending list with 0 unique vehicles
2025-07-12 20:50:45,419 - TharuniApp - INFO - Application initialization completed successfully
2025-07-12 20:50:45,944 - camera_camera - DEBUG - Initializing USB camera
2025-07-12 20:50:46,006 - TharuniApp - INFO - Application closing - saving settings...
2025-07-12 20:50:46,029 - TharuniApp - INFO - Updating camera settings: {'front_camera_type': 'USB', 'front_camera_index': 0, 'front_rtsp_username': '', 'front_rtsp_password': '', 'front_rtsp_ip': '', 'front_rtsp_port': '554', 'front_rtsp_endpoint': '/stream1', 'front_http_username': '', 'front_http_password': '', 'front_http_ip': '', 'front_http_port': '80', 'front_http_endpoint': '/mjpeg', 'back_camera_type': 'USB', 'back_camera_index': 1, 'back_rtsp_username': '', 'back_rtsp_password': '', 'back_rtsp_ip': '', 'back_rtsp_port': '554', 'back_rtsp_endpoint': '/stream1', 'back_http_username': '', 'back_http_password': '', 'back_http_ip': '', 'back_http_port': '80', 'back_http_endpoint': '/mjpeg'}
2025-07-12 20:50:46,033 - camera_camera - INFO - Stopping camera feed
2025-07-12 20:50:48,037 - camera_camera - DEBUG - Initializing USB camera
2025-07-12 20:50:50,105 - camera_camera - DEBUG - Initializing USB camera
2025-07-12 20:50:52,038 - camera_camera - INFO - Optimized video capture loop ending
2025-07-12 20:50:52,086 - camera_camera - INFO - Stopping camera feed
2025-07-12 20:50:52,088 - camera_camera - INFO - Optimized video capture loop ending
2025-07-12 20:50:52,101 - TharuniApp - INFO - Camera settings saved for persistence
2025-07-12 20:50:52,102 - weighbridge - INFO - Initiating weighbridge disconnection
2025-07-12 20:50:52,103 - weighbridge - INFO - SUCCESS: Weighbridge disconnected successfully
2025-07-12 20:50:52,105 - camera_camera - INFO - Stopping camera feed
2025-07-12 20:50:52,108 - camera_camera - INFO - Stopping camera feed
2025-07-12 20:50:52,111 - TharuniApp - INFO - ============================================================
2025-07-12 20:50:52,111 - TharuniApp - INFO - APPLICATION SHUTDOWN COMPLETED
2025-07-12 20:50:52,112 - TharuniApp - INFO - ============================================================
2025-07-12 20:50:52,183 - TharuniApp - INFO - Application closing - saving settings...
2025-07-12 20:50:52,215 - TharuniApp - INFO - Updating camera settings: {'front_camera_type': 'USB', 'front_camera_index': 0, 'front_rtsp_username': '', 'front_rtsp_password': '', 'front_rtsp_ip': '', 'front_rtsp_port': '554', 'front_rtsp_endpoint': '/stream1', 'front_http_username': '', 'front_http_password': '', 'front_http_ip': '', 'front_http_port': '80', 'front_http_endpoint': '/mjpeg', 'back_camera_type': 'USB', 'back_camera_index': 1, 'back_rtsp_username': '', 'back_rtsp_password': '', 'back_rtsp_ip': '', 'back_rtsp_port': '554', 'back_rtsp_endpoint': '/stream1', 'back_http_username': '', 'back_http_password': '', 'back_http_ip': '', 'back_http_port': '80', 'back_http_endpoint': '/mjpeg'}
2025-07-12 20:50:52,220 - camera_camera - INFO - Stopping camera feed
2025-07-12 20:50:52,238 - camera_camera - INFO - Stopping camera feed
2025-07-12 20:50:52,293 - TharuniApp - INFO - Camera settings saved for persistence
2025-07-12 20:50:52,296 - weighbridge - INFO - Initiating weighbridge disconnection
2025-07-12 20:50:52,302 - weighbridge - INFO - SUCCESS: Weighbridge disconnected successfully
2025-07-12 20:50:52,307 - camera_camera - INFO - Stopping camera feed
2025-07-12 20:50:52,309 - camera_camera - INFO - Stopping camera feed
2025-07-12 20:50:52,312 - TharuniApp - INFO - ============================================================
2025-07-12 20:50:52,314 - TharuniApp - INFO - APPLICATION SHUTDOWN COMPLETED
2025-07-12 20:50:52,314 - TharuniApp - INFO - ============================================================
2025-07-12 20:50:52,315 - TharuniApp - ERROR - Error during shutdown: can't invoke "destroy" command: application has been destroyed
2025-07-12 20:55:10,285 - TharuniApp - INFO - ============================================================
2025-07-12 20:55:10,285 - TharuniApp - INFO - APPLICATION STARTUP
2025-07-12 20:55:10,286 - TharuniApp - INFO - ============================================================
2025-07-12 20:55:10,294 - TharuniApp - INFO - Configuration setup completed
2025-07-12 20:55:10,297 - DataManager - INFO - DataManager initialized with OFFLINE-FIRST approach + JSON local storage
2025-07-12 20:55:10,298 - DataManager - INFO - CSV structure is up to date
2025-07-12 20:55:10,300 - DataManager - INFO - Unified folder structure ready:
2025-07-12 20:55:10,301 - DataManager - INFO -   Reports: data\reports\2025-07-12
2025-07-12 20:55:10,301 - DataManager - INFO -   JSON Backups: data\json_backups\2025-07-12
2025-07-12 20:55:10,302 - DataManager - INFO -   PDF Folder: data\reports\2025-07-12
2025-07-12 20:55:10,302 - DataManager - INFO - All folder attributes ensured and validated
2025-07-12 20:55:10,303 - DataManager - INFO - 🔍 Checking if archive is due...
2025-07-12 20:55:10,305 - DataManager - INFO - CSV analysis: 0 total records, 0 complete records
2025-07-12 20:55:10,306 - DataManager - INFO - CSV file has no complete records to archive
2025-07-12 20:55:10,306 - DataManager - INFO - ⏳ Archive not due yet
2025-07-12 20:55:10,307 - DataManager - INFO - Data file: data\weighbridge_data.csv
2025-07-12 20:55:10,307 - DataManager - INFO - Reports folder: data\reports
2025-07-12 20:55:10,308 - DataManager - INFO - JSON backup folder: data\json_backups
2025-07-12 20:55:10,308 - DataManager - INFO - Today's JSON folder: data\json_backups\2025-07-12
2025-07-12 20:55:10,309 - DataManager - INFO - Today's PDF folder: data\reports\2025-07-12
2025-07-12 20:55:10,309 - DataManager - INFO - Cloud storage will only be initialized when backup is requested
2025-07-12 20:55:10,310 - TharuniApp - INFO - Data manager initialized
2025-07-12 20:55:10,316 - TharuniApp - INFO - Using hardcoded settings storage
2025-07-12 20:55:10,318 - TharuniApp - INFO - UI styles initialized
2025-07-12 20:55:10,318 - TharuniApp - INFO - Starting user authentication
2025-07-12 20:55:15,635 - TharuniApp - INFO - Hardcoded authentication successful: admin
2025-07-12 20:55:15,635 - TharuniApp - INFO - User logged in: admin (Role: admin)
2025-07-12 20:55:15,636 - TharuniApp - INFO - Setting up data context
2025-07-12 20:55:15,636 - TharuniApp - INFO - Using hardcoded agency and site values
2025-07-12 20:55:15,662 - DataManager - INFO - CSV structure is up to date
2025-07-12 20:55:15,662 - DataManager - INFO - Data context set to: Agency='Tharuni Associates', Site='Narasaraopeta'
2025-07-12 20:55:15,663 - DataManager - INFO - Data file: data\Tharuni_Associates_Narasaraopeta_data.csv
2025-07-12 20:55:15,664 - TharuniApp - INFO - Data context initialized: Agency='Tharuni Associates', Site='Narasaraopeta'
2025-07-12 20:55:15,664 - TharuniApp - INFO - Data will be saved to: data\Tharuni_Associates_Narasaraopeta_data.csv
2025-07-12 20:55:15,665 - TharuniApp - INFO - PDFs will be saved to: data\reports\2025-07-12
2025-07-12 20:55:15,666 - TharuniApp - INFO - Creating application widgets
2025-07-12 20:55:15,698 - TharuniApp - INFO - Creating main panel
2025-07-12 20:55:15,713 - FormValidator - INFO - FormValidator initialized
2025-07-12 20:55:15,734 - DataManager - INFO - Successfully loaded 64 records from data\Tharuni_Associates_Narasaraopeta_data.csv
2025-07-12 20:55:15,901 - camera_camera - INFO - Enhanced logging initialized for Camera camera
2025-07-12 20:55:15,981 - camera_camera - DEBUG - Resource monitoring started
2025-07-12 20:55:16,013 - camera_camera - DEBUG - Optimized video thread started
2025-07-12 20:55:16,013 - camera_camera - INFO - Optimized video capture loop started
2025-07-12 20:55:16,016 - camera_camera - DEBUG - Camera watchdog started
2025-07-12 20:55:16,017 - camera_camera - DEBUG - Camera watchdog enabled
2025-07-12 20:55:16,017 - camera_camera - DEBUG - Initializing USB camera
2025-07-12 20:55:16,020 - camera_camera - INFO - Enhanced logging initialized for Camera camera
2025-07-12 20:55:16,039 - camera_camera - DEBUG - Resource monitoring started
2025-07-12 20:55:16,043 - camera_camera - DEBUG - Optimized video thread started
2025-07-12 20:55:16,042 - camera_camera - INFO - Optimized video capture loop started
2025-07-12 20:55:16,045 - camera_camera - DEBUG - Camera watchdog started
2025-07-12 20:55:16,046 - camera_camera - DEBUG - Camera watchdog enabled
2025-07-12 20:55:16,047 - camera_camera - DEBUG - Initializing USB camera
2025-07-12 20:55:16,376 - DataManager - INFO - Successfully loaded 64 records from data\Tharuni_Associates_Narasaraopeta_data.csv
2025-07-12 20:55:16,377 - MainForm - INFO - MainForm initialized
2025-07-12 20:55:16,377 - TharuniApp - INFO - Main form created
2025-07-12 20:55:16,378 - MainForm - INFO - Using hardcoded dropdown values
2025-07-12 20:55:16,379 - PendingVehiclesPanel - INFO - PendingVehiclesPanel initialized
2025-07-12 20:55:16,388 - PendingVehiclesPanel - INFO - Refreshing pending vehicles list
2025-07-12 20:55:16,391 - DataManager - INFO - Successfully loaded 64 records from data\Tharuni_Associates_Narasaraopeta_data.csv
2025-07-12 20:55:16,392 - PendingVehiclesPanel - INFO - Retrieved 64 total records
2025-07-12 20:55:16,500 - PendingVehiclesPanel - INFO - Found 0 unique pending vehicles, prevented 0 duplicates
2025-07-12 20:55:16,502 - PendingVehiclesPanel - INFO - Successfully refreshed pending list with 0 unique vehicles
2025-07-12 20:55:16,503 - TharuniApp - INFO - Pending vehicles panel created
2025-07-12 20:55:16,940 - TharuniApp - INFO - Main panel creation completed
2025-07-12 20:55:16,952 - TharuniApp - INFO - Summary panel created
2025-07-12 20:55:16,961 - weighbridge - INFO - Enhanced logging initialized for WeighbridgeManager
2025-07-12 20:55:16,962 - weighbridge - INFO - Initializing WeighbridgeManager
2025-07-12 20:55:16,965 - weighbridge - DEBUG - Weight parsing patterns compiled successfully
2025-07-12 20:55:16,967 - weighbridge - DEBUG - Signal handlers registered
2025-07-12 20:55:16,967 - weighbridge - INFO - SUCCESS: WeighbridgeManager initialized successfully
2025-07-12 20:55:16,980 - weighbridge - DEBUG - Scanning for available COM ports
2025-07-12 20:55:16,994 - weighbridge - WARNING - No COM ports found
2025-07-12 20:55:17,298 - weighbridge - WARNING - Test mode ENABLED - weighbridge will simulate readings
2025-07-12 20:55:17,307 - TharuniApp - INFO - ✅ Data manager reference set in settings panel
2025-07-12 20:55:17,308 - TharuniApp - INFO - Widget creation completed successfully
2025-07-12 20:55:17,310 - PendingVehiclesPanel - INFO - Refreshing pending vehicles list
2025-07-12 20:55:17,313 - DataManager - INFO - Successfully loaded 64 records from data\Tharuni_Associates_Narasaraopeta_data.csv
2025-07-12 20:55:17,314 - PendingVehiclesPanel - INFO - Retrieved 64 total records
2025-07-12 20:55:17,384 - PendingVehiclesPanel - INFO - Found 0 unique pending vehicles, prevented 0 duplicates
2025-07-12 20:55:17,386 - PendingVehiclesPanel - INFO - Successfully refreshed pending list with 0 unique vehicles
2025-07-12 20:55:17,392 - TharuniApp - INFO - Application initialization completed successfully
2025-07-12 20:55:18,198 - camera_camera - DEBUG - Initializing USB camera
2025-07-12 20:55:18,312 - TharuniApp - INFO - Ensuring settings persistence...
2025-07-12 20:55:18,316 - TharuniApp - INFO - Found saved weighbridge settings: {'com_port': 'COM3', 'baud_rate': 9600, 'data_bits': 8, 'parity': 'None', 'stop_bits': 1.0, 'test_mode': True}
2025-07-12 20:55:18,316 - TharuniApp - INFO - Settings persistence check completed
2025-07-12 20:55:20,251 - camera_camera - DEBUG - Initializing USB camera
2025-07-12 20:55:20,322 - weighbridge - DEBUG - Scanning for available COM ports
2025-07-12 20:55:20,335 - weighbridge - WARNING - No COM ports found
2025-07-12 20:55:22,335 - camera_camera - DEBUG - Initializing USB camera
2025-07-12 20:55:24,392 - camera_camera - DEBUG - Initializing USB camera
2025-07-12 20:55:26,420 - DataManager - INFO - Successfully loaded 64 records from data\Tharuni_Associates_Narasaraopeta_data.csv
2025-07-12 20:55:26,421 - DataManager - INFO - Returning all 64 records (no filter)
2025-07-12 20:55:26,434 - camera_camera - DEBUG - Initializing USB camera
2025-07-12 20:55:30,108 - camera_camera - DEBUG - Resource usage - CPU: 20.4%, Memory: 84.6%
2025-07-12 20:55:30,166 - camera_camera - DEBUG - Resource usage - CPU: 20.7%, Memory: 84.6%
2025-07-12 20:55:30,452 - camera_camera - INFO - SUCCESS: Camera connection stabilized
2025-07-12 20:55:32,136 - camera_camera - WARNING - High memory usage (85.2%), triggering garbage collection
2025-07-12 20:55:32,215 - camera_camera - WARNING - High memory usage (85.1%), triggering garbage collection
2025-07-12 20:55:33,498 - camera_camera - DEBUG - Initializing USB camera
2025-07-12 20:55:34,238 - camera_camera - WARNING - High memory usage (85.2%), triggering garbage collection
2025-07-12 20:55:34,403 - camera_camera - WARNING - High memory usage (85.2%), triggering garbage collection
2025-07-12 20:55:35,616 - camera_camera - DEBUG - Initializing USB camera
2025-07-12 20:55:36,371 - camera_camera - WARNING - High memory usage (88.1%), triggering garbage collection
2025-07-12 20:55:36,570 - camera_camera - WARNING - High memory usage (88.1%), triggering garbage collection
2025-07-12 20:55:37,717 - camera_camera - DEBUG - Initializing USB camera
2025-07-12 20:55:38,480 - camera_camera - WARNING - High memory usage (86.4%), triggering garbage collection
2025-07-12 20:55:38,659 - camera_camera - WARNING - High memory usage (86.4%), triggering garbage collection
2025-07-12 20:55:39,835 - camera_camera - DEBUG - Initializing USB camera
2025-07-12 20:55:40,560 - camera_camera - WARNING - High memory usage (86.3%), triggering garbage collection
2025-07-12 20:55:40,787 - camera_camera - WARNING - High memory usage (86.3%), triggering garbage collection
2025-07-12 20:55:41,938 - camera_camera - DEBUG - Initializing USB camera
2025-07-12 20:55:42,690 - camera_camera - WARNING - High memory usage (86.3%), triggering garbage collection
2025-07-12 20:55:42,885 - camera_camera - WARNING - High memory usage (86.3%), triggering garbage collection
2025-07-12 20:55:43,529 - DataManager - INFO - Successfully loaded 64 records from data\Tharuni_Associates_Narasaraopeta_data.csv
2025-07-12 20:55:44,062 - camera_camera - DEBUG - Initializing USB camera
2025-07-12 20:55:51,205 - camera_camera - DEBUG - Initializing USB camera
2025-07-12 20:55:53,341 - camera_camera - DEBUG - Initializing USB camera
2025-07-12 20:55:55,454 - camera_camera - DEBUG - Initializing USB camera
2025-07-12 20:55:57,488 - camera_camera - DEBUG - Initializing USB camera
2025-07-12 20:55:58,954 - camera_camera - WARNING - High memory usage (85.4%), triggering garbage collection
2025-07-12 20:55:59,109 - camera_camera - WARNING - High memory usage (85.5%), triggering garbage collection
2025-07-12 20:55:59,621 - camera_camera - DEBUG - Initializing USB camera
2025-07-12 20:56:01,071 - camera_camera - WARNING - High memory usage (88.8%), triggering garbage collection
2025-07-12 20:56:01,185 - camera_camera - WARNING - High memory usage (88.9%), triggering garbage collection
2025-07-12 20:56:01,710 - camera_camera - DEBUG - Initializing USB camera
2025-07-12 20:56:03,187 - camera_camera - WARNING - High memory usage (88.9%), triggering garbage collection
2025-07-12 20:56:03,283 - camera_camera - WARNING - High memory usage (88.9%), triggering garbage collection
2025-07-12 20:56:05,312 - camera_camera - WARNING - High memory usage (87.1%), triggering garbage collection
2025-07-12 20:56:05,417 - camera_camera - WARNING - High memory usage (87.1%), triggering garbage collection
2025-07-12 20:56:07,442 - camera_camera - WARNING - High memory usage (86.2%), triggering garbage collection
2025-07-12 20:56:07,551 - camera_camera - WARNING - High memory usage (86.1%), triggering garbage collection
2025-07-12 20:56:08,819 - camera_camera - DEBUG - Initializing USB camera
2025-07-12 20:56:09,569 - camera_camera - WARNING - High memory usage (86.1%), triggering garbage collection
2025-07-12 20:56:09,678 - camera_camera - WARNING - High memory usage (86.1%), triggering garbage collection
2025-07-12 20:56:10,944 - camera_camera - DEBUG - Initializing USB camera
2025-07-12 20:56:11,683 - camera_camera - WARNING - High memory usage (85.6%), triggering garbage collection
2025-07-12 20:56:11,790 - camera_camera - WARNING - High memory usage (85.6%), triggering garbage collection
2025-07-12 20:56:13,054 - camera_camera - DEBUG - Initializing USB camera
2025-07-12 20:56:13,881 - camera_camera - WARNING - High memory usage (85.1%), triggering garbage collection
2025-07-12 20:56:15,156 - camera_camera - DEBUG - Initializing USB camera
2025-07-12 20:56:15,818 - camera_camera - WARNING - High memory usage (85.3%), triggering garbage collection
2025-07-12 20:56:15,999 - camera_camera - WARNING - High memory usage (85.2%), triggering garbage collection
2025-07-12 20:56:16,118 - camera_camera - DEBUG - Performed garbage collection
2025-07-12 20:56:17,272 - camera_camera - DEBUG - Initializing USB camera
2025-07-12 20:56:17,450 - PendingVehiclesPanel - INFO - Refreshing pending vehicles list
2025-07-12 20:56:17,458 - DataManager - INFO - Successfully loaded 64 records from data\Tharuni_Associates_Narasaraopeta_data.csv
2025-07-12 20:56:17,460 - PendingVehiclesPanel - INFO - Retrieved 64 total records
2025-07-12 20:56:17,638 - PendingVehiclesPanel - INFO - Found 0 unique pending vehicles, prevented 0 duplicates
2025-07-12 20:56:17,641 - PendingVehiclesPanel - INFO - Successfully refreshed pending list with 0 unique vehicles
2025-07-12 20:56:19,396 - camera_camera - DEBUG - Initializing USB camera
2025-07-12 20:56:19,971 - camera_camera - WARNING - High memory usage (85.5%), triggering garbage collection
2025-07-12 20:56:20,122 - camera_camera - WARNING - High memory usage (85.6%), triggering garbage collection
2025-07-12 20:56:22,080 - camera_camera - WARNING - High memory usage (86.0%), triggering garbage collection
2025-07-12 20:56:22,211 - camera_camera - WARNING - High memory usage (85.1%), triggering garbage collection
2025-07-12 20:56:24,168 - camera_camera - WARNING - High memory usage (85.1%), triggering garbage collection
2025-07-12 20:56:24,341 - camera_camera - WARNING - High memory usage (85.1%), triggering garbage collection
2025-07-12 20:56:26,306 - camera_camera - WARNING - High memory usage (85.2%), triggering garbage collection
2025-07-12 20:56:26,465 - camera_camera - WARNING - High memory usage (85.1%), triggering garbage collection
2025-07-12 20:56:26,560 - camera_camera - DEBUG - Initializing USB camera
2025-07-12 20:56:28,463 - camera_camera - WARNING - High memory usage (85.1%), triggering garbage collection
2025-07-12 20:56:28,614 - camera_camera - WARNING - High memory usage (85.3%), triggering garbage collection
2025-07-12 20:56:28,692 - camera_camera - DEBUG - Initializing USB camera
2025-07-12 20:56:30,645 - camera_camera - WARNING - High memory usage (86.5%), triggering garbage collection
2025-07-12 20:56:30,764 - camera_camera - DEBUG - Initializing USB camera
2025-07-12 20:56:30,763 - camera_camera - WARNING - High memory usage (86.5%), triggering garbage collection
2025-07-12 20:56:30,766 - camera_camera - DEBUG - Resource usage - CPU: 54.1%, Memory: 86.5%
2025-07-12 20:56:30,864 - camera_camera - DEBUG - Resource usage - CPU: 51.8%, Memory: 86.5%
2025-07-12 20:56:32,877 - camera_camera - WARNING - High memory usage (86.5%), triggering garbage collection
2025-07-12 20:56:32,983 - camera_camera - DEBUG - Initializing USB camera
2025-07-12 20:56:32,984 - camera_camera - WARNING - High memory usage (86.5%), triggering garbage collection
2025-07-12 20:56:35,007 - camera_camera - WARNING - High memory usage (86.4%), triggering garbage collection
2025-07-12 20:56:35,117 - camera_camera - DEBUG - Initializing USB camera
2025-07-12 20:56:35,115 - camera_camera - WARNING - High memory usage (86.4%), triggering garbage collection
2025-07-12 20:56:37,132 - camera_camera - WARNING - High memory usage (87.0%), triggering garbage collection
2025-07-12 20:56:37,237 - camera_camera - DEBUG - Initializing USB camera
2025-07-12 20:56:37,264 - camera_camera - WARNING - High memory usage (87.1%), triggering garbage collection
2025-07-12 20:56:39,235 - camera_camera - WARNING - High memory usage (85.1%), triggering garbage collection
2025-07-12 20:56:39,413 - camera_camera - WARNING - High memory usage (85.1%), triggering garbage collection
2025-07-12 20:56:43,325 - camera_camera - WARNING - High memory usage (86.6%), triggering garbage collection
2025-07-12 20:56:43,561 - camera_camera - WARNING - High memory usage (86.6%), triggering garbage collection
2025-07-12 20:56:44,401 - camera_camera - DEBUG - Initializing USB camera
2025-07-12 20:56:45,408 - camera_camera - WARNING - High memory usage (86.6%), triggering garbage collection
2025-07-12 20:56:45,685 - camera_camera - WARNING - High memory usage (86.5%), triggering garbage collection
2025-07-12 20:56:46,531 - camera_camera - DEBUG - Initializing USB camera
2025-07-12 20:56:47,489 - camera_camera - WARNING - High memory usage (86.3%), triggering garbage collection
2025-07-12 20:56:47,792 - camera_camera - WARNING - High memory usage (86.2%), triggering garbage collection
2025-07-12 20:56:48,635 - camera_camera - DEBUG - Initializing USB camera
2025-07-12 20:56:50,743 - camera_camera - DEBUG - Initializing USB camera
2025-07-12 20:56:52,884 - camera_camera - DEBUG - Initializing USB camera
2025-07-12 20:56:55,018 - camera_camera - DEBUG - Initializing USB camera
2025-07-12 20:56:55,978 - camera_camera - WARNING - High memory usage (85.3%), triggering garbage collection
2025-07-12 20:56:57,660 - camera_camera - WARNING - High memory usage (86.5%), triggering garbage collection
2025-07-12 20:56:58,125 - camera_camera - WARNING - High memory usage (86.6%), triggering garbage collection
2025-07-12 20:56:59,798 - camera_camera - WARNING - High memory usage (86.7%), triggering garbage collection
2025-07-12 20:57:00,256 - camera_camera - WARNING - High memory usage (86.6%), triggering garbage collection
2025-07-12 20:57:00,372 - camera_camera - DEBUG - Resource usage - CPU: 44.9%, Memory: 86.6%
2025-07-12 20:57:01,968 - camera_camera - WARNING - High memory usage (87.4%), triggering garbage collection
2025-07-12 20:57:02,119 - camera_camera - DEBUG - Initializing USB camera
2025-07-12 20:57:02,394 - camera_camera - WARNING - High memory usage (87.7%), triggering garbage collection
2025-07-12 20:57:04,110 - camera_camera - WARNING - High memory usage (88.2%), triggering garbage collection
2025-07-12 20:57:04,189 - camera_camera - DEBUG - Initializing USB camera
2025-07-12 20:57:04,517 - camera_camera - WARNING - High memory usage (88.3%), triggering garbage collection
2025-07-12 20:57:06,186 - camera_camera - WARNING - High memory usage (87.9%), triggering garbage collection
2025-07-12 20:57:06,250 - camera_camera - DEBUG - Initializing USB camera
2025-07-12 20:57:06,637 - camera_camera - WARNING - High memory usage (88.0%), triggering garbage collection
2025-07-12 20:57:08,257 - camera_camera - WARNING - High memory usage (88.3%), triggering garbage collection
2025-07-12 20:57:08,366 - camera_camera - DEBUG - Initializing USB camera
2025-07-12 20:57:08,723 - camera_camera - WARNING - High memory usage (88.3%), triggering garbage collection
2025-07-12 20:57:10,384 - camera_camera - WARNING - High memory usage (88.0%), triggering garbage collection
2025-07-12 20:57:10,482 - camera_camera - DEBUG - Initializing USB camera
2025-07-12 20:57:10,853 - camera_camera - WARNING - High memory usage (87.7%), triggering garbage collection
2025-07-12 20:57:12,502 - camera_camera - WARNING - High memory usage (88.0%), triggering garbage collection
2025-07-12 20:57:12,614 - camera_camera - DEBUG - Initializing USB camera
2025-07-12 20:57:12,982 - camera_camera - WARNING - High memory usage (87.8%), triggering garbage collection
2025-07-12 20:57:14,648 - camera_camera - WARNING - High memory usage (87.8%), triggering garbage collection
2025-07-12 20:57:15,125 - camera_camera - WARNING - High memory usage (87.7%), triggering garbage collection
2025-07-12 20:57:16,195 - camera_camera - DEBUG - Performed garbage collection
2025-07-12 20:57:16,768 - camera_camera - WARNING - High memory usage (87.7%), triggering garbage collection
2025-07-12 20:57:17,265 - camera_camera - WARNING - High memory usage (87.7%), triggering garbage collection
2025-07-12 20:57:17,647 - PendingVehiclesPanel - INFO - Refreshing pending vehicles list
2025-07-12 20:57:17,654 - DataManager - INFO - Successfully loaded 64 records from data\Tharuni_Associates_Narasaraopeta_data.csv
2025-07-12 20:57:17,656 - PendingVehiclesPanel - INFO - Retrieved 64 total records
2025-07-12 20:57:17,767 - PendingVehiclesPanel - INFO - Found 0 unique pending vehicles, prevented 0 duplicates
2025-07-12 20:57:17,768 - PendingVehiclesPanel - INFO - Successfully refreshed pending list with 0 unique vehicles
2025-07-12 20:57:18,871 - camera_camera - WARNING - High memory usage (87.6%), triggering garbage collection
2025-07-12 20:57:19,391 - camera_camera - WARNING - High memory usage (87.6%), triggering garbage collection
2025-07-12 20:57:19,731 - camera_camera - DEBUG - Initializing USB camera
2025-07-12 20:57:21,004 - camera_camera - WARNING - High memory usage (87.5%), triggering garbage collection
2025-07-12 20:57:21,507 - camera_camera - WARNING - High memory usage (87.7%), triggering garbage collection
2025-07-12 20:57:21,840 - camera_camera - DEBUG - Initializing USB camera
2025-07-12 20:57:23,124 - camera_camera - WARNING - High memory usage (87.7%), triggering garbage collection
2025-07-12 20:57:23,638 - camera_camera - WARNING - High memory usage (87.8%), triggering garbage collection
2025-07-12 20:57:23,955 - camera_camera - DEBUG - Initializing USB camera
2025-07-12 20:57:25,250 - camera_camera - WARNING - High memory usage (87.6%), triggering garbage collection
2025-07-12 20:57:25,723 - camera_camera - WARNING - High memory usage (87.7%), triggering garbage collection
2025-07-12 20:57:26,073 - camera_camera - DEBUG - Initializing USB camera
2025-07-12 20:57:27,383 - camera_camera - WARNING - High memory usage (87.4%), triggering garbage collection
2025-07-12 20:57:27,855 - camera_camera - WARNING - High memory usage (87.3%), triggering garbage collection
2025-07-12 20:57:28,176 - camera_camera - DEBUG - Initializing USB camera
2025-07-12 20:57:29,503 - camera_camera - WARNING - High memory usage (87.4%), triggering garbage collection
2025-07-12 20:57:29,994 - camera_camera - WARNING - High memory usage (87.3%), triggering garbage collection
2025-07-12 20:57:30,300 - camera_camera - DEBUG - Initializing USB camera
2025-07-12 20:57:31,648 - camera_camera - WARNING - High memory usage (87.4%), triggering garbage collection
2025-07-12 20:57:32,112 - camera_camera - WARNING - High memory usage (87.1%), triggering garbage collection
2025-07-12 20:57:32,655 - TharuniApp - INFO - User logging out...
2025-07-12 20:57:32,657 - camera_camera - INFO - Stopping camera feed
2025-07-12 20:57:32,677 - camera_camera - INFO - Optimized video capture loop ending
2025-07-12 20:57:33,109 - camera_camera - INFO - Stopping camera feed
2025-07-12 20:57:33,112 - camera_camera - INFO - Optimized video capture loop ending
2025-07-12 20:57:33,144 - TharuniApp - INFO - Updating camera settings: {'front_camera_type': 'USB', 'front_camera_index': 0, 'front_rtsp_username': '', 'front_rtsp_password': '', 'front_rtsp_ip': '', 'front_rtsp_port': '554', 'front_rtsp_endpoint': '/stream1', 'front_http_username': '', 'front_http_password': '', 'front_http_ip': '', 'front_http_port': '80', 'front_http_endpoint': '/mjpeg', 'back_camera_type': 'USB', 'back_camera_index': 1, 'back_rtsp_username': '', 'back_rtsp_password': '', 'back_rtsp_ip': '', 'back_rtsp_port': '554', 'back_rtsp_endpoint': '/stream1', 'back_http_username': '', 'back_http_password': '', 'back_http_ip': '', 'back_http_port': '80', 'back_http_endpoint': '/mjpeg'}
2025-07-12 20:57:33,148 - camera_camera - INFO - Stopping camera feed
2025-07-12 20:57:33,152 - camera_camera - INFO - Stopping camera feed
2025-07-12 20:57:33,172 - TharuniApp - INFO - Camera settings saved for persistence
2025-07-12 20:57:33,174 - weighbridge - INFO - Initiating weighbridge disconnection
2025-07-12 20:57:33,177 - weighbridge - INFO - SUCCESS: Weighbridge disconnected successfully
2025-07-12 20:57:33,180 - TharuniApp - INFO - Logout completed - closing application
2025-07-12 20:57:33,300 - TharuniApp - INFO - Application closing - saving settings...
2025-07-12 20:57:33,319 - TharuniApp - INFO - Updating camera settings: {'front_camera_type': 'USB', 'front_camera_index': 0, 'front_rtsp_username': '', 'front_rtsp_password': '', 'front_rtsp_ip': '', 'front_rtsp_port': '554', 'front_rtsp_endpoint': '/stream1', 'front_http_username': '', 'front_http_password': '', 'front_http_ip': '', 'front_http_port': '80', 'front_http_endpoint': '/mjpeg', 'back_camera_type': 'USB', 'back_camera_index': 1, 'back_rtsp_username': '', 'back_rtsp_password': '', 'back_rtsp_ip': '', 'back_rtsp_port': '554', 'back_rtsp_endpoint': '/stream1', 'back_http_username': '', 'back_http_password': '', 'back_http_ip': '', 'back_http_port': '80', 'back_http_endpoint': '/mjpeg'}
2025-07-12 20:57:33,324 - camera_camera - INFO - Stopping camera feed
2025-07-12 20:57:33,330 - camera_camera - INFO - Stopping camera feed
2025-07-12 20:57:33,349 - TharuniApp - INFO - Camera settings saved for persistence
2025-07-12 20:57:33,353 - weighbridge - INFO - Initiating weighbridge disconnection
2025-07-12 20:57:33,367 - weighbridge - INFO - SUCCESS: Weighbridge disconnected successfully
2025-07-12 20:57:33,370 - camera_camera - INFO - Stopping camera feed
2025-07-12 20:57:33,373 - camera_camera - INFO - Stopping camera feed
2025-07-12 20:57:33,377 - TharuniApp - INFO - ============================================================
2025-07-12 20:57:33,379 - TharuniApp - INFO - APPLICATION SHUTDOWN COMPLETED
2025-07-12 20:57:33,381 - TharuniApp - INFO - ============================================================
2025-07-12 20:57:33,382 - TharuniApp - ERROR - Error during shutdown: can't invoke "destroy" command: application has been destroyed
